2025-04-09 20:08:06,713 INFO: Test log message
